  Determining projects to restore...
  All projects are up-to-date for restore.
  Wiz.Utility -> F:\WorkPlace\wizlib\src\Wiz.Utility\bin\Debug\net8.0\Wiz.Utility.dll
  Wiz.Utility.Test -> F:\WorkPlace\wizlib\tests\Wiz.Utility.Test\bin\Debug\net8.0\Wiz.Utility.Test.dll
Test run for F:\WorkPlace\wizlib\tests\Wiz.Utility.Test\bin\Debug\net8.0\Wiz.Utility.Test.dll (.NETCoreApp,Version=v8.0)
VSTest version 17.14.1- (x64)

Starting test execution, please wait...
A total of 1 test files matched the specified pattern.
F:\WorkPlace\wizlib\tests\Wiz.Utility.Test\bin\Debug\net8.0\Wiz.Utility.Test.dll
[xUnit.net 00:00:00.00] xUnit.net VSTest Adapter v3.1.3+b1b99bdeb3 (64-bit .NET 8.0.19)
[xUnit.net 00:00:00.04]   Discovering: Wiz.Utility.Test
[xUnit.net 00:00:00.06]   Discovered:  Wiz.Utility.Test
[xUnit.net 00:00:00.08]   Starting:    Wiz.Utility.Test
  Passed Wiz.Utility.Test.Extensions.JsonExtensionTests.ToJson_STJ_Pascal_EnumAsNumber [15 ms]
  Passed Wiz.Utility.Test.Extensions.JsonExtensionTests.FromJson_STJ_EnumNumeric_WithEnumAsString_Allowed(statusValue: "2") [7 ms]
  Passed Wiz.Utility.Test.Extensions.JsonExtensionTests.FromJson_STJ_EnumNumeric_WithEnumAsString_Allowed(statusValue: 2) [< 1 ms]
  Passed Wiz.Utility.Test.Extensions.JsonExtensionTests.DetectJsonCase_ArrayKebabLower_ReturnsKebabLower [1 ms]
  Passed Wiz.Utility.Test.Extensions.JsonExtensionTests.CreateStjOptions_DateTimeOffset_CustomFormat_AppliedOnSerialize [2 ms]
  Passed Wiz.Utility.Test.Extensions.JsonExtensionTests.FromJson_Newtonsoft_EnumNumeric_WithEnumAsString_Allowed(statusValue: "2") [3 ms]
  Passed Wiz.Utility.Test.Extensions.JsonExtensionTests.FromJson_Newtonsoft_EnumNumeric_WithEnumAsString_Allowed(statusValue: 2) [< 1 ms]
  Passed Wiz.Utility.Test.Extensions.JsonExtensionTests.FromJson_Newtonsoft_EnumString_CaseInsensitive_VariousCases(value: "processing") [< 1 ms]
  Passed Wiz.Utility.Test.Extensions.JsonExtensionTests.FromJson_Newtonsoft_EnumString_CaseInsensitive_VariousCases(value: "PROCESSING") [< 1 ms]
[xUnit.net 00:00:00.14]     Wiz.Utility.Test.Extensions.JsonExtensionTests.Benchmark_ToJson_STJ_1000Items [SKIP]
[xUnit.net 00:00:00.14]       Benchmark - skip in CI
  Passed Wiz.Utility.Test.Extensions.JsonExtensionTests.FromJson_Newtonsoft_EnumString_CaseInsensitive_VariousCases(value: "Processing") [< 1 ms]
  Passed Wiz.Utility.Test.Extensions.JsonExtensionTests.ToJson_Newtonsoft_SnakeLower_Indented [1 ms]
  Skipped Wiz.Utility.Test.Extensions.JsonExtensionTests.Benchmark_ToJson_STJ_1000Items [1 ms]
  Error Message:
   Benchmark - skip in CI

  Passed Wiz.Utility.Test.Extensions.JsonExtensionTests.AutoDetect_Camel_FromJson [1 ms]
  Passed Wiz.Utility.Test.Extensions.JsonExtensionTests.ToJson_Newtonsoft_DictionaryKey_KebabUpper [1 ms]
  Passed Wiz.Utility.Test.Extensions.JsonExtensionTests.ToJson_STJ_NullValues_AreEmitted [< 1 ms]
  Passed Wiz.Utility.Test.Extensions.JsonExtensionTests.ToJson_Newtonsoft_ArrayRoot_NamingAppliedInside_SnakeLower [< 1 ms]
  Passed Wiz.Utility.Test.Extensions.JsonExtensionTests.FromJson_STJ_EnumString_CaseInsensitive_VariousCases(value: "PROCESSING") [< 1 ms]
  Passed Wiz.Utility.Test.Extensions.JsonExtensionTests.FromJson_STJ_EnumString_CaseInsensitive_VariousCases(value: "processing") [< 1 ms]
  Passed Wiz.Utility.Test.Extensions.JsonExtensionTests.FromJson_STJ_EnumString_CaseInsensitive_VariousCases(value: "Processing") [< 1 ms]
  Passed Wiz.Utility.Test.Extensions.JsonExtensionTests.FromJson_STJ_TrailingComma_Throws [1 ms]
  Passed Wiz.Utility.Test.Extensions.JsonExtensionTests.RoundTrip_STJ_Camel_EnumAsString [< 1 ms]
  Passed Wiz.Utility.Test.Extensions.JsonExtensionTests.FromJson_Newtonsoft_TrailingComma_Succeeds [< 1 ms]
  Passed Wiz.Utility.Test.Extensions.JsonExtensionTests.DetectJsonCase_InvalidJson_FallbackCamel [< 1 ms]
  Passed Wiz.Utility.Test.Extensions.JsonExtensionTests.DetectJsonCase_EmptyArray_FallbackCamel [< 1 ms]
  Passed Wiz.Utility.Test.Extensions.JsonExtensionTests.FromJson_STJ_MissingAndUnknownProperties_Behavior [< 1 ms]
  Passed Wiz.Utility.Test.Extensions.JsonExtensionTests.FromJson_STJ_EnumNumeric_Succeeds [< 1 ms]
  Passed Wiz.Utility.Test.Extensions.JsonExtensionTests.CreateStjOptions_DateFormat_AppliedOnSerialize [1 ms]
  Passed Wiz.Utility.Test.Extensions.JsonExtensionTests.DetectJsonCase_PrimitiveArray_FallbackCamel [< 1 ms]
  Passed Wiz.Utility.Test.Extensions.JsonExtensionTests.DetectJsonCase_SnakeUpperPreference_WhenUpperDominates [< 1 ms]
  Passed Wiz.Utility.Test.Extensions.JsonExtensionTests.FromJson_STJ_DateFormat_Tolerant_ReadsISO [1 ms]
  Passed Wiz.Utility.Test.Extensions.JsonExtensionTests.CreateStjOptions_EnumConverterPresence [< 1 ms]
  Passed Wiz.Utility.Test.Extensions.JsonExtensionTests.FromJson_STJ_PropertyNameCaseInsensitive_Works [< 1 ms]
  Passed Wiz.Utility.Test.Extensions.JsonExtensionTests.DetectJsonCase_EmptyObject_FallbackCamel [< 1 ms]
  Passed Wiz.Utility.Test.Extensions.JsonExtensionTests.CreateNewtonsoftSettings_SnakeCaseUpper_ApplyOnSerialize [< 1 ms]
  Passed Wiz.Utility.Test.Extensions.JsonExtensionTests.ToJson_Newtonsoft_EnumString_NotAffectedByNamingPolicy_KebabUpper [< 1 ms]
  Passed Wiz.Utility.Test.Extensions.JsonExtensionTests.FromJson_NonGeneric_KebabLower_Newtonsoft [1 ms]
[xUnit.net 00:00:00.15]   Finished:    Wiz.Utility.Test
  Passed Wiz.Utility.Test.Extensions.JsonExtensionTests.ToJson_Newtonsoft_DictionaryKey_SnakeLower [< 1 ms]
  Passed Wiz.Utility.Test.Extensions.JsonExtensionTests.FromJson_Generic_AutoDetect_SnakeLower_Newtonsoft [< 1 ms]

Test Run Successful.
Total tests: 38
     Passed: 37
    Skipped: 1
 Total time: 0.4113 Seconds
